<?xml version="1.0" encoding="UTF-8"?>
<TestRun id="fa89074a-cf3b-4fc9-8b0d-70a30150388e" name="Corentin@CORENTIN6PC 2014-01-26 16:08:47" runUser="Corentin6PC\Corentin" xmlns="http://microsoft.com/schemas/VisualStudio/TeamTest/2010">
  <TestSettings name="Local" id="5db95bcf-6f09-48fd-9bbc-77f5ff98d0de">
    <Description>These are default test settings for a local test run.</Description>
    <Deployment userDeploymentRoot="C:\Users\Corentin\documents\visual studio 2010\Projects\Exercice\TestResults" useDefaultDeploymentRoot="false" enabled="false" runDeploymentRoot="Corentin_CORENTIN6PC 2014-01-26 16_08_47">
      <DeploymentItem filename="C:\Users\Corentin\documents\visual studio 2010\Projects\Exercice\Exercice\bin\Debug\Exercice.exe" />
    </Deployment>
    <Execution>
      <TestTypeSpecific />
      <AgentRule name="Execution Agents">
      </AgentRule>
    </Execution>
  </TestSettings>
  <Times creation="2014-01-26T16:08:47.6349194+01:00" queuing="2014-01-26T16:08:47.6379195+01:00" start="2014-01-26T16:08:47.6429201+01:00" finish="2014-01-26T16:08:47.8399315+01:00" />
  <ResultSummary outcome="Completed">
    <Counters total="1" executed="1" passed="1" error="0" failed="0" timeout="0" aborted="0" inconclusive="0" passedButRunAborted="0" notRunnable="0" notExecuted="0" disconnected="0" warning="0" completed="0" inProgress="0" pending="0" />
  </ResultSummary>
  <TestDefinitions>
    <UnitTest name="TestMethod1" storage="c:\users\corentin\documents\visual studio 2010\projects\exercice\exercicetest\bin\debug\exercicetest.dll" id="7315ac6c-3757-c687-485a-f87b7e8e3e50">
      <Execution id="6bd5c3d0-b538-4874-ace7-db99ef546be0" />
      <TestMethod codeBase="C:/Users/Corentin/documents/visual studio 2010/Projects/Exercice/ExerciceTest/bin/Debug/ExerciceTest.DLL" adapterTypeName="Microsoft.VisualStudio.TestTools.TestTypes.Unit.UnitTestAdapter, Microsoft.VisualStudio.QualityTools.Tips.UnitTest.Adapter, Version=10.0.0.0, Culture=neutral, PublicKeyToken=b03f5f7f11d50a3a" className="ExerciceTest.UnitTest1, ExerciceTest, Version=1.0.0.0, Culture=neutral, PublicKeyToken=null" name="TestMethod1" />
    </UnitTest>
  </TestDefinitions>
  <TestLists>
    <TestList name="Results Not in a List" id="8c84fa94-04c1-424b-9868-57a2d4851a1d" />
    <TestList name="All Loaded Results" id="19431567-8539-422a-85d7-44ee4e166bda" />
  </TestLists>
  <TestEntries>
    <TestEntry testId="7315ac6c-3757-c687-485a-f87b7e8e3e50" executionId="6bd5c3d0-b538-4874-ace7-db99ef546be0" testListId="8c84fa94-04c1-424b-9868-57a2d4851a1d" />
  </TestEntries>
  <Results>
    <UnitTestResult executionId="6bd5c3d0-b538-4874-ace7-db99ef546be0" testId="7315ac6c-3757-c687-485a-f87b7e8e3e50" testName="TestMethod1" computerName="CORENTIN6PC" duration="00:00:00.0138853" startTime="2014-01-26T16:08:47.6449195+01:00" endTime="2014-01-26T16:08:47.8299303+01:00" testType="13cdc9d9-ddb5-4fa4-a97d-d965ccfc6d4b" outcome="Passed" testListId="8c84fa94-04c1-424b-9868-57a2d4851a1d" relativeResultsDirectory="6bd5c3d0-b538-4874-ace7-db99ef546be0">
    </UnitTestResult>
  </Results>
</TestRun>